2026-02-01 00:01:30,321 - ==================================================
2026-02-01 00:01:30,321 - 🚀 Stage_1_Core START. Target: 50000000.0 Tons
2026-02-01 00:01:30,500 - [Stage_1_Core] Gen   1 | Min Cost: 1.63e+08 | Min Time: 8.47Y
2026-02-01 00:01:37,925 - [Stage_1_Core] Gen  50 | Min Cost: 1.69e+07 | Min Time: 8.32Y
2026-02-01 00:01:45,533 - [Stage_1_Core] Gen 100 | Min Cost: 1.69e+07 | Min Time: 8.32Y
2026-02-01 00:01:53,291 - [Stage_1_Core] Gen 150 | Min Cost: 1.57e+07 | Min Time: 8.32Y
2026-02-01 00:02:01,264 - [Stage_1_Core] Gen 200 | Min Cost: 1.57e+07 | Min Time: 8.32Y
2026-02-01 00:02:01,276 - ✅ Stage_1_Core COMPLETED in 31.0s
2026-02-01 00:17:57,982 - ==================================================
2026-02-01 00:17:57,983 - 🚀 Stage_1_Core START. Target: 50000000.0 Tons
2026-02-01 00:17:58,154 - [Stage_1_Core] Gen   1 | Min Cost: 5.33e+07 | Min Time: 8.62Y
2026-02-01 00:18:05,569 - [Stage_1_Core] Gen  50 | Min Cost: 2.46e+07 | Min Time: 8.32Y
2026-02-01 00:18:13,079 - [Stage_1_Core] Gen 100 | Min Cost: 2.46e+07 | Min Time: 8.32Y
2026-02-01 00:18:20,669 - [Stage_1_Core] Gen 150 | Min Cost: 1.73e+07 | Min Time: 8.32Y
2026-02-01 00:18:28,274 - [Stage_1_Core] Gen 200 | Min Cost: 1.73e+07 | Min Time: 8.32Y
2026-02-01 00:18:28,275 - ✅ Stage_1_Core COMPLETED in 30.3s
2026-02-01 00:20:30,075 - ==================================================
2026-02-01 00:20:30,076 - 🚀 Stage_1_Core START. Target: 50000000.0 Tons
2026-02-01 00:20:30,271 - [Stage_1_Core] Gen   1 | Min Cost: 5.04e+08 | Min Time: 8.65Y
2026-02-01 00:20:38,112 - [Stage_1_Core] Gen  50 | Min Cost: 5.04e+08 | Min Time: 8.32Y
2026-02-01 00:20:45,945 - [Stage_1_Core] Gen 100 | Min Cost: 5.04e+08 | Min Time: 8.32Y
2026-02-01 00:20:53,785 - [Stage_1_Core] Gen 150 | Min Cost: 5.04e+08 | Min Time: 8.32Y
2026-02-01 00:21:02,308 - [Stage_1_Core] Gen 200 | Min Cost: 5.04e+08 | Min Time: 8.32Y
2026-02-01 00:21:02,309 - ✅ Stage_1_Core COMPLETED in 32.2s
2026-02-01 00:42:46,618 - ==================================================
2026-02-01 00:42:46,619 - 🚀 Stage_1_Core START. Target: 50000000.0 Tons
2026-02-01 00:42:46,793 - [Stage_1_Core] Gen   1 | Min Cost: 4.90e+08 | Min Time: 9.13Y
2026-02-01 00:42:54,082 - [Stage_1_Core] Gen  50 | Min Cost: 4.47e+08 | Min Time: 9.13Y
2026-02-01 00:43:01,339 - [Stage_1_Core] Gen 100 | Min Cost: 4.47e+08 | Min Time: 9.13Y
2026-02-01 00:43:08,588 - [Stage_1_Core] Gen 150 | Min Cost: 4.47e+08 | Min Time: 9.13Y
2026-02-01 00:43:15,849 - [Stage_1_Core] Gen 200 | Min Cost: 4.40e+08 | Min Time: 9.13Y
2026-02-01 00:43:15,850 - ✅ Stage_1_Core COMPLETED in 29.2s
2026-02-01 12:14:55,501 - ==================================================
2026-02-01 12:14:55,502 - 🚀 Stage_1_Core START. Target: 20000000.0 Tons
2026-02-01 12:14:55,707 - [Stage_1_Core] Gen   1 | Min Cost: 1.03e+08 | Min Time: 5.62Y
2026-02-01 12:15:03,973 - [Stage_1_Core] Gen  50 | Min Cost: 6.04e+07 | Min Time: 5.41Y
2026-02-01 12:15:12,234 - [Stage_1_Core] Gen 100 | Min Cost: 6.04e+07 | Min Time: 5.41Y
2026-02-01 12:15:20,554 - [Stage_1_Core] Gen 150 | Min Cost: 6.04e+07 | Min Time: 5.41Y
2026-02-01 12:15:29,088 - [Stage_1_Core] Gen 200 | Min Cost: 6.04e+07 | Min Time: 5.41Y
2026-02-01 12:15:29,088 - ✅ Stage_1_Core COMPLETED in 33.6s
