2026-02-01 00:02:33,377 - ==================================================
2026-02-01 00:02:33,378 - 🚀 Stage_3_Sustain START. Target: 30000000.0 Tons
2026-02-01 00:02:33,551 - [Stage_3_Sustain] Gen   1 | Min Cost: 5.22e+07 | Min Time: 5.14Y
2026-02-01 00:02:41,066 - [Stage_3_Sustain] Gen  50 | Min Cost: 1.64e+07 | Min Time: 4.99Y
2026-02-01 00:02:48,767 - [Stage_3_Sustain] Gen 100 | Min Cost: 1.47e+07 | Min Time: 4.99Y
2026-02-01 00:02:56,437 - [Stage_3_Sustain] Gen 150 | Min Cost: 9.83e+06 | Min Time: 4.99Y
2026-02-01 00:03:04,048 - [Stage_3_Sustain] Gen 200 | Min Cost: 9.83e+06 | Min Time: 4.99Y
2026-02-01 00:03:04,058 - ✅ Stage_3_Sustain COMPLETED in 30.7s
2026-02-01 00:18:59,946 - ==================================================
2026-02-01 00:18:59,947 - 🚀 Stage_3_Sustain START. Target: 30000000.0 Tons
2026-02-01 00:19:00,118 - [Stage_3_Sustain] Gen   1 | Min Cost: 6.43e+07 | Min Time: 5.11Y
2026-02-01 00:19:07,580 - [Stage_3_Sustain] Gen  50 | Min Cost: 1.30e+07 | Min Time: 4.99Y
2026-02-01 00:19:15,169 - [Stage_3_Sustain] Gen 100 | Min Cost: 9.62e+06 | Min Time: 4.99Y
2026-02-01 00:19:22,803 - [Stage_3_Sustain] Gen 150 | Min Cost: 9.62e+06 | Min Time: 4.99Y
2026-02-01 00:19:30,513 - [Stage_3_Sustain] Gen 200 | Min Cost: 9.62e+06 | Min Time: 4.99Y
2026-02-01 00:19:30,514 - ✅ Stage_3_Sustain COMPLETED in 30.6s
2026-02-01 00:21:35,321 - ==================================================
2026-02-01 00:21:35,321 - 🚀 Stage_3_Sustain START. Target: 30000000.0 Tons
2026-02-01 00:21:35,516 - [Stage_3_Sustain] Gen   1 | Min Cost: 3.05e+08 | Min Time: 5.15Y
2026-02-01 00:21:43,400 - [Stage_3_Sustain] Gen  50 | Min Cost: 3.02e+08 | Min Time: 4.99Y
2026-02-01 00:21:51,259 - [Stage_3_Sustain] Gen 100 | Min Cost: 3.02e+08 | Min Time: 4.99Y
2026-02-01 00:21:59,333 - [Stage_3_Sustain] Gen 150 | Min Cost: 3.02e+08 | Min Time: 4.99Y
2026-02-01 00:22:07,375 - [Stage_3_Sustain] Gen 200 | Min Cost: 3.02e+08 | Min Time: 4.99Y
2026-02-01 00:22:07,376 - ✅ Stage_3_Sustain COMPLETED in 32.1s
