2026-02-01 00:02:02,189 - ==================================================
2026-02-01 00:02:02,189 - 🚀 Stage_2_Expand START. Target: 40000000.0 Tons
2026-02-01 00:02:02,356 - [Stage_2_Expand] Gen   1 | Min Cost: 5.37e+07 | Min Time: 6.94Y
2026-02-01 00:02:09,763 - [Stage_2_Expand] Gen  50 | Min Cost: 1.51e+07 | Min Time: 6.66Y
2026-02-01 00:02:17,433 - [Stage_2_Expand] Gen 100 | Min Cost: 1.51e+07 | Min Time: 6.66Y
2026-02-01 00:02:25,141 - [Stage_2_Expand] Gen 150 | Min Cost: 1.51e+07 | Min Time: 6.66Y
2026-02-01 00:02:32,770 - [Stage_2_Expand] Gen 200 | Min Cost: 1.51e+07 | Min Time: 6.66Y
2026-02-01 00:02:32,780 - ✅ Stage_2_Expand COMPLETED in 30.6s
2026-02-01 00:18:28,966 - ==================================================
2026-02-01 00:18:28,967 - 🚀 Stage_2_Expand START. Target: 40000000.0 Tons
2026-02-01 00:18:29,138 - [Stage_2_Expand] Gen   1 | Min Cost: 4.11e+07 | Min Time: 6.79Y
2026-02-01 00:18:36,575 - [Stage_2_Expand] Gen  50 | Min Cost: 1.32e+07 | Min Time: 6.66Y
2026-02-01 00:18:44,163 - [Stage_2_Expand] Gen 100 | Min Cost: 1.32e+07 | Min Time: 6.66Y
2026-02-01 00:18:51,748 - [Stage_2_Expand] Gen 150 | Min Cost: 1.24e+07 | Min Time: 6.65Y
2026-02-01 00:18:59,334 - [Stage_2_Expand] Gen 200 | Min Cost: 1.24e+07 | Min Time: 6.65Y
2026-02-01 00:18:59,335 - ✅ Stage_2_Expand COMPLETED in 30.4s
2026-02-01 00:21:03,076 - ==================================================
2026-02-01 00:21:03,077 - 🚀 Stage_2_Expand START. Target: 40000000.0 Tons
2026-02-01 00:21:03,281 - [Stage_2_Expand] Gen   1 | Min Cost: 4.13e+08 | Min Time: 6.78Y
2026-02-01 00:21:11,134 - [Stage_2_Expand] Gen  50 | Min Cost: 4.03e+08 | Min Time: 6.66Y
2026-02-01 00:21:19,092 - [Stage_2_Expand] Gen 100 | Min Cost: 4.03e+08 | Min Time: 6.66Y
2026-02-01 00:21:26,983 - [Stage_2_Expand] Gen 150 | Min Cost: 4.03e+08 | Min Time: 6.66Y
2026-02-01 00:21:34,800 - [Stage_2_Expand] Gen 200 | Min Cost: 4.03e+08 | Min Time: 6.66Y
2026-02-01 00:21:34,801 - ✅ Stage_2_Expand COMPLETED in 31.7s
