2026-02-01 12:46:16,147 - ==================================================
2026-02-01 12:46:16,148 - 🚀 INTEGRATED GLOBAL START | Tag: Global_Plan
2026-02-01 12:46:16,632 - [Global_Plan] Gen   1 | Min W_Econ: 3.00e+08 | Min W_Time: 14.51
2026-02-01 12:46:36,897 - [Global_Plan] Gen  50 | Min W_Econ: 2.08e+08 | Min W_Time: 13.62
2026-02-01 12:46:56,873 - [Global_Plan] Gen 100 | Min W_Econ: 1.69e+08 | Min W_Time: 13.62
2026-02-01 12:47:16,628 - [Global_Plan] Gen 150 | Min W_Econ: 1.62e+08 | Min W_Time: 13.62
2026-02-01 12:47:36,335 - [Global_Plan] Gen 200 | Min W_Econ: 1.60e+08 | Min W_Time: 13.62
2026-02-01 12:47:56,327 - [Global_Plan] Gen 250 | Min W_Econ: 1.59e+08 | Min W_Time: 13.62
2026-02-01 12:48:16,394 - [Global_Plan] Gen 300 | Min W_Econ: 1.59e+08 | Min W_Time: 13.62
2026-02-01 12:48:16,395 - ✅ COMPLETED in 120.2s
2026-02-01 12:56:03,643 - ==================================================
2026-02-01 12:56:03,643 - 🚀 INTEGRATED GLOBAL START | Tag: Global_Plan
2026-02-01 12:56:04,100 - [Global_Plan] Gen   1 | Min W_Econ: 2.69e+08 | Min W_Time: 14.99
2026-02-01 12:56:23,289 - [Global_Plan] Gen  50 | Min W_Econ: 1.79e+08 | Min W_Time: 13.61
2026-02-01 12:56:51,558 - [Global_Plan] Gen 100 | Min W_Econ: 1.63e+08 | Min W_Time: 13.55
2026-02-01 12:57:26,621 - [Global_Plan] Gen 150 | Min W_Econ: 1.56e+08 | Min W_Time: 13.54
2026-02-01 12:57:46,900 - [Global_Plan] Gen 200 | Min W_Econ: 1.53e+08 | Min W_Time: 13.54
2026-02-01 12:58:23,584 - [Global_Plan] Gen 250 | Min W_Econ: 1.53e+08 | Min W_Time: 13.54
2026-02-01 12:58:46,617 - [Global_Plan] Gen 300 | Min W_Econ: 1.52e+08 | Min W_Time: 13.54
2026-02-01 12:58:46,617 - ✅ COMPLETED in 163.0s
